Microchip MPLAB XC8 Compiler V2.41

Linker command line:

-W-3 \
  --edf=C:/Program Files/Microchip/MPLABX/v6.10/packs/Microchip/PIC18Fxxxx_DFP/1.4.151/xc8\pic\dat\20230323171731_en.msgs \
  -cn -h+dist/default/debug\Door_Look.X.debug.sym \
  --cmf=dist/default/debug\Door_Look.X.debug.cmf -z -Q18F4620 \
  -oC:\Users\m7md\AppData\Local\Temp\xcAs4ag.\driver_tmp_3.o \
  --defsym=__MPLAB_BUILD=1 --fixupoverflow=error \
  -Mdist/default/debug/Door_Look.X.debug.map \
  --md=C:\Users\m7md\AppData\Local\Temp\xcAs4ag.\driver_tmp_0.dat -E1 \
  -ver=XC8 Compiler --acfsm=1493 -ACODE=00h-0FFFFh -ACONST=00h-0FFFFh \
  -ASMALLCONST=01000h-010FFhx240 -AMEDIUMCONST=01000h-0FFFFh \
  -ACOMRAM=01h-07Fh -AABS1=00h-0F7Fh -ABIGRAM=01h-0F7Fh \
  -ARAM=080h-0FFh,0100h-01FFhx14,0F00h-0F7Fh -ABANK0=080h-0FFh \
  -ABANK1=0100h-01FFh -ABANK2=0200h-02FFh -ABANK3=0300h-03FFh \
  -ABANK4=0400h-04FFh -ABANK5=0500h-05FFh -ABANK6=0600h-06FFh \
  -ABANK7=0700h-07FFh -ABANK8=0800h-08FFh -ABANK9=0900h-09FFh \
  -ABANK10=0A00h-0AFFh -ABANK11=0B00h-0BFFh -ABANK12=0C00h-0CFFh \
  -ABANK13=0D00h-0DFFh -ABANK14=0E00h-0EFFh -ABANK15=0F00h-0F7Fh \
  -ASFR=0F80h-0FFFh -ABIGSFR=0F80h-0FFFh -ACONFIG=0300000h-030000Dh \
  -AIDLOC=0200000h-0200007h -AEEDATA=0F00000h-0F003FFh -peeprom_data=EEDATA \
  -preset_vec=00h,intcode,intcodelo,powerup,init -pramtop=01000h \
  -psmallconst=SMALLCONST -pmediumconst=MEDIUMCONST -pconst=CONST \
  -AFARRAM=00h-00h \
  -prdata=COMRAM,nvrram=COMRAM,nvbit=COMRAM,rbss=COMRAM,rbit=COMRAM \
  -pfarbss=FARRAM,fardata=FARRAM,nvFARRAM=FARRAM \
  -pintsave_regs=BIGRAM,bigbss=BIGRAM,bigdata=BIGRAM -pbss=RAM \
  -pidata=CODE,irdata=CODE,ibigdata=CODE,ifardata=CODE -prparam=COMRAM \
  C:\Users\m7md\AppData\Local\Temp\xcAs4ag.\driver_tmp_9.o \
  dist/default/debug\Door_Look.X.debug.o 

Object code version is 3.11

Machine type is 18F4620



                Name                               Link     Load   Length Selector   Space Scale
C:\Users\m7md\AppData\Local\Temp\xcAs4ag.\driver_tmp_9.o
                init                                  0        0        4        0       0
dist/default/debug\Door_Look.X.debug.o
                smallconst                         1000     1000       58      800       0
                text27                             18CC     18CC       C4      82C       0
                text26                             1A48     1A48       B0      82C       0
                text25                             1FEE     1FEE       6A      82C       0
                text24                             1424     1424      144      82C       0
                text23                             1568     1568      12C      82C       0
                text22                             1F82     1F82       6C      82C       0
                text21                             228A     228A       3E      82C       0
                text20                             1D30     1D30       80      82C       0
                text19                             20C0     20C0       68      82C       0
                text18                             2336     2336       34     1180       0
                text17                             1EA0     1EA0       72      82C       0
                text16                             17B0     17B0      11C      82C       0
                text15                             1DB0     1DB0       7E      82C       0
                text14                             2128     2128       4A      82C       0
                text13                             2244     2244       46      82C       0
                text12                             21FE     21FE       46      82C       0
                text11                             21B8     21B8       46      82C       0
                text10                             1990     1990       B8      82C       0
                text9                              1694     1694      11C      82C       0
                text8                              2058     2058       68      82C       0
                text7                              1E2E     1E2E       72      82C       0
                text6                              1AF8     1AF8       AE      82C       0
                text5                              2172     2172       46      82C       0
                text4                              1F12     1F12       70      82C       0
                text3                              1BA6     1BA6       86      82C       0
                text2                              1CAE     1CAE       82      82C       0
                text1                              1C2C     1C2C       82      82C       0
                text0                              1058     1058      3CC      82C       0
                cstackCOMRAM                         38       38       24        1       1
                dataCOMRAM                            1        1       37        1       1
                bssCOMRAM                            5C       5C        A        1       1
                cinit                              2300     2300       36     1180       0
                nvCOMRAM                             66       66        1        1       1
                idataCOMRAM                        22C8     22C8       37      82C       0

TOTAL           Name                               Link     Load   Length     Space
        CLASS   CODE           
                init                                  0        0        4         0
                text27                             18CC     18CC       C4         0
                text26                             1A48     1A48       B0         0
                text25                             1FEE     1FEE       6A         0
                text24                             1424     1424      144         0
                text23                             1568     1568      12C         0
                text22                             1F82     1F82       6C         0
                text21                             228A     228A       3E         0
                text20                             1D30     1D30       80         0
                text19                             20C0     20C0       68         0
                text18                             2336     2336       34         0
                text17                             1EA0     1EA0       72         0
                text16                             17B0     17B0      11C         0
                text15                             1DB0     1DB0       7E         0
                text14                             2128     2128       4A         0
                text13                             2244     2244       46         0
                text12                             21FE     21FE       46         0
                text11                             21B8     21B8       46         0
                text10                             1990     1990       B8         0
                text9                              1694     1694      11C         0
                text8                              2058     2058       68         0
                text7                              1E2E     1E2E       72         0
                text6                              1AF8     1AF8       AE         0
                text5                              2172     2172       46         0
                text4                              1F12     1F12       70         0
                text3                              1BA6     1BA6       86         0
                text2                              1CAE     1CAE       82         0
                text1                              1C2C     1C2C       82         0
                text0                              1058     1058      3CC         0
                cinit                              2300     2300       36         0
                idataCOMRAM                        22C8     22C8       37         0

        CLASS   CONST          

        CLASS   SMALLCONST     
                smallconst                         1000     1000       58         0

        CLASS   MEDIUMCONST    

        CLASS   COMRAM         
                cstackCOMRAM                         38       38       24         1
                dataCOMRAM                            1        1       37         1
                bssCOMRAM                            5C       5C        A         1
                nvCOMRAM                             66       66        1         1

        CLASS   ABS1           

        CLASS   BIGRAM         

        CLASS   RAM            

        CLASS   BANK0          

        CLASS   BANK1          

        CLASS   BANK2          

        CLASS   BANK3          

        CLASS   BANK4          

        CLASS   BANK5          

        CLASS   BANK6          

        CLASS   BANK7          

        CLASS   BANK8          

        CLASS   BANK9          

        CLASS   BANK10         

        CLASS   BANK11         

        CLASS   BANK12         

        CLASS   BANK13         

        CLASS   BANK14         

        CLASS   BANK15         

        CLASS   SFR            

        CLASS   BIGSFR         

        CLASS   CONFIG         

        CLASS   IDLOC          

        CLASS   EEDATA         

        CLASS   FARRAM         

        CLASS   HEAP           

        CLASS   STACK          



SEGMENTS        Name                           Load    Length   Top    Selector   Space  Class

                reset_vec                      000000  000004  000004         0       0  CODE    
                dataCOMRAM                     000001  000066  000067         1       1  COMRAM  
                smallconst                     001000  000058  001058       800       0  SMALLCON
                text0                          001058  0012A7  0022FF       82C       0  CODE    
                cinit                          002300  00006A  00236A      1180       0  CODE    


UNUSED ADDRESS RANGES

        Name                Unused          Largest block    Delta
        BANK0            0080-00FF             80
        BANK1            0100-01FF            100
        BANK10           0A00-0AFF            100
        BANK11           0B00-0BFF            100
        BANK12           0C00-0CFF            100
        BANK13           0D00-0DFF            100
        BANK14           0E00-0EFF            100
        BANK15           0F00-0F7F             80
        BANK2            0200-02FF            100
        BANK3            0300-03FF            100
        BANK4            0400-04FF            100
        BANK5            0500-05FF            100
        BANK6            0600-06FF            100
        BANK7            0700-07FF            100
        BANK8            0800-08FF            100
        BANK9            0900-09FF            100
        BIGRAM           0067-0F7F            F19
        BIGSFR           0F80-0FFF             80
        CODE             0004-0FFF            FFC
                         22FF-22FF              1
                         236A-FFFF           DC96
        COMRAM           0067-007F             19
        CONFIG           300000-30000D              E
        CONST            0004-0FFF            FFC
                         22FF-22FF              1
                         236A-FFFF           DC96
        EEDATA           F00000-F003FF            400
        IDLOC            200000-200007              8
        MEDIUMCONST      22FF-22FF              1
                         236A-FFFF           DC96
        RAM              0080-0F7F            100
        SFR              0F80-0FFF             80
        SMALLCONST       22FF-22FF              1
                         236A-FFFF            100

                                  Symbol Table

?___awdiv                                cstackCOMRAM 0038
?___awmod                                cstackCOMRAM 0040
?___lmul                                 cstackCOMRAM 0038
_LATA                                    (abs)        0F89
_LATB                                    (abs)        0F8A
_LATC                                    (abs)        0F8B
_LATD                                    (abs)        0F8C
_LATE                                    (abs)        0F8D
_PORTA                                   (abs)        0F80
_PORTB                                   (abs)        0F81
_PORTC                                   (abs)        0F82
_PORTD                                   (abs)        0F83
_PORTE                                   (abs)        0F84
_TRISA                                   (abs)        0F92
_TRISB                                   (abs)        0F93
_TRISC                                   (abs)        0F94
_TRISD                                   (abs)        0F95
_TRISE                                   (abs)        0F96
__HRAM                                   (abs)        0000
__H__absolute__                          __absolute__ 0000
__Habs1                                  abs1         0000
__Hbank0                                 bank0        0000
__Hbank1                                 bank1        0000
__Hbank10                                bank10       0000
__Hbank11                                bank11       0000
__Hbank12                                bank12       0000
__Hbank13                                bank13       0000
__Hbank14                                bank14       0000
__Hbank15                                bank15       0000
__Hbank2                                 bank2        0000
__Hbank3                                 bank3        0000
__Hbank4                                 bank4        0000
__Hbank5                                 bank5        0000
__Hbank6                                 bank6        0000
__Hbank7                                 bank7        0000
__Hbank8                                 bank8        0000
__Hbank9                                 bank9        0000
__Hbigbss                                bigbss       0000
__Hbigdata                               bigdata      0000
__Hbigram                                bigram       0000
__Hbigsfr                                bigsfr       0000
__Hbss                                   bss          0000
__HbssCOMRAM                             bssCOMRAM    0000
__Hcinit                                 cinit        0000
__Hclrtext                               clrtext      0000
__Hcomram                                comram       0000
__Hconfig                                config       0000
__Hconst                                 const        0000
__HcstackCOMRAM                          cstackCOMRAM 0000
__Hdata                                  data         0000
__HdataCOMRAM                            dataCOMRAM   0000
__Heeprom_data                           eeprom_data  0000
__Hfarbss                                farbss       0000
__Hfardata                               fardata      0000
__Hheap                                  heap         0000
__Hibigdata                              ibigdata     0000
__Hidata                                 idata        0000
__HidataCOMRAM                           idataCOMRAM  0000
__Hidloc                                 idloc        0000
__Hifardata                              ifardata     0000
__Hinit                                  init         0004
__Hintcode                               intcode      0000
__Hintcode_body                          intcode_body 0000
__Hintcodelo                             intcodelo    0000
__Hintentry                              intentry     0000
__Hintret                                intret       0000
__Hintsave_regs                          intsave_regs 0000
__Hirdata                                irdata       0000
__Hmediumconst                           mediumconst  0000
__HnvCOMRAM                              nvCOMRAM     0000
__HnvFARRAM                              nvFARRAM     0000
__Hnvbit                                 nvbit        0000
__Hnvrram                                nvrram       0000
__Hparam                                 rparam       0000
__Hpowerup                               powerup      0000
__Hram                                   ram          0000
__Hramtop                                ramtop       1000
__Hrbit                                  rbit         0000
__Hrbss                                  rbss         0000
__Hrdata                                 rdata        0000
__Hreset_vec                             reset_vec    0000
__Hrparam                                rparam       0000
__Hsfr                                   sfr          0000
__Hsmallconst                            smallconst   1058
__Hspace_0                               (abs)        236A
__Hspace_1                               (abs)        0067
__Hspace_2                               (abs)        0000
__Hspace_4                               (abs)        0000
__Hstack                                 stack        0000
__Hstruct                                struct       0000
__Htemp                                  temp         0000
__Htext                                  text         0000
__Htext0                                 text0        0000
__Htext1                                 text1        0000
__Htext10                                text10       0000
__Htext11                                text11       0000
__Htext12                                text12       0000
__Htext13                                text13       0000
__Htext14                                text14       0000
__Htext15                                text15       0000
__Htext16                                text16       0000
__Htext17                                text17       0000
__Htext18                                text18       0000
__Htext19                                text19       0000
__Htext2                                 text2        0000
__Htext20                                text20       0000
__Htext21                                text21       0000
__Htext22                                text22       0000
__Htext23                                text23       0000
__Htext24                                text24       0000
__Htext25                                text25       0000
__Htext26                                text26       0000
__Htext27                                text27       0000
__Htext3                                 text3        0000
__Htext4                                 text4        0000
__Htext5                                 text5        0000
__Htext6                                 text6        0000
__Htext7                                 text7        0000
__Htext8                                 text8        0000
__Htext9                                 text9        0000
__LRAM                                   (abs)        0001
__L__absolute__                          __absolute__ 0000
__Labs1                                  abs1         0000
__Lbank0                                 bank0        0000
__Lbank1                                 bank1        0000
__Lbank10                                bank10       0000
__Lbank11                                bank11       0000
__Lbank12                                bank12       0000
__Lbank13                                bank13       0000
__Lbank14                                bank14       0000
__Lbank15                                bank15       0000
__Lbank2                                 bank2        0000
__Lbank3                                 bank3        0000
__Lbank4                                 bank4        0000
__Lbank5                                 bank5        0000
__Lbank6                                 bank6        0000
__Lbank7                                 bank7        0000
__Lbank8                                 bank8        0000
__Lbank9                                 bank9        0000
__Lbigbss                                bigbss       0000
__Lbigdata                               bigdata      0000
__Lbigram                                bigram       0000
__Lbigsfr                                bigsfr       0000
__Lbss                                   bss          0000
__LbssCOMRAM                             bssCOMRAM    0000
__Lcinit                                 cinit        0000
__Lclrtext                               clrtext      0000
__Lcomram                                comram       0000
__Lconfig                                config       0000
__Lconst                                 const        0000
__LcstackCOMRAM                          cstackCOMRAM 0000
__Ldata                                  data         0000
__LdataCOMRAM                            dataCOMRAM   0000
__Leeprom_data                           eeprom_data  0000
__Lfarbss                                farbss       0000
__Lfardata                               fardata      0000
__Lheap                                  heap         0000
__Libigdata                              ibigdata     0000
__Lidata                                 idata        0000
__LidataCOMRAM                           idataCOMRAM  0000
__Lidloc                                 idloc        0000
__Lifardata                              ifardata     0000
__Linit                                  init         0000
__Lintcode                               intcode      0000
__Lintcode_body                          intcode_body 0000
__Lintcodelo                             intcodelo    0000
__Lintentry                              intentry     0000
__Lintret                                intret       0000
__Lintsave_regs                          intsave_regs 0000
__Lirdata                                irdata       0000
__Lmediumconst                           mediumconst  0000
__LnvCOMRAM                              nvCOMRAM     0000
__LnvFARRAM                              nvFARRAM     0000
__Lnvbit                                 nvbit        0000
__Lnvrram                                nvrram       0000
__Lparam                                 rparam       0000
__Lpowerup                               powerup      0000
__Lram                                   ram          0000
__Lramtop                                ramtop       1000
__Lrbit                                  rbit         0000
__Lrbss                                  rbss         0000
__Lrdata                                 rdata        0000
__Lreset_vec                             reset_vec    0000
__Lrparam                                rparam       0000
__Lsfr                                   sfr          0000
__Lsmallconst                            smallconst   1000
__Lspace_0                               (abs)        0000
__Lspace_1                               (abs)        0000
__Lspace_2                               (abs)        0000
__Lspace_4                               (abs)        0000
__Lstack                                 stack        0000
__Lstruct                                struct       0000
__Ltemp                                  temp         0000
__Ltext                                  text         0000
__Ltext0                                 text0        0000
__Ltext1                                 text1        0000
__Ltext10                                text10       0000
__Ltext11                                text11       0000
__Ltext12                                text12       0000
__Ltext13                                text13       0000
__Ltext14                                text14       0000
__Ltext15                                text15       0000
__Ltext16                                text16       0000
__Ltext17                                text17       0000
__Ltext18                                text18       0000
__Ltext19                                text19       0000
__Ltext2                                 text2        0000
__Ltext20                                text20       0000
__Ltext21                                text21       0000
__Ltext22                                text22       0000
__Ltext23                                text23       0000
__Ltext24                                text24       0000
__Ltext25                                text25       0000
__Ltext26                                text26       0000
__Ltext27                                text27       0000
__Ltext3                                 text3        0000
__Ltext4                                 text4        0000
__Ltext5                                 text5        0000
__Ltext6                                 text6        0000
__Ltext7                                 text7        0000
__Ltext8                                 text8        0000
__Ltext9                                 text9        0000
__S0                                     (abs)        236A
__S1                                     (abs)        0067
__S4                                     (abs)        0000
__S5                                     (abs)        0000
___awdiv                                 text27       18CC
___awdiv@counter                         cstackCOMRAM 003C
___awdiv@dividend                        cstackCOMRAM 0038
___awdiv@divisor                         cstackCOMRAM 003A
___awdiv@quotient                        cstackCOMRAM 003E
___awdiv@sign                            cstackCOMRAM 003D
___awmod                                 text26       1A48
___awmod@counter                         cstackCOMRAM 0044
___awmod@dividend                        cstackCOMRAM 0040
___awmod@divisor                         cstackCOMRAM 0042
___awmod@sign                            cstackCOMRAM 0045
___heap_hi                               (abs)        0000
___heap_lo                               (abs)        0000
___inthi_sp                              stack        0000
___intlo_sp                              stack        0000
___lmul                                  text25       1FEE
___lmul@multiplicand                     cstackCOMRAM 003C
___lmul@multiplier                       cstackCOMRAM 0038
___lmul@product                          cstackCOMRAM 0040
___param_bank                            (abs)        0000
___rparam_used                           (abs)        0001
___sp                                    stack        0000
__accesstop                              (abs)        0080
__activetblptr                           (abs)        0002
__end_of___awdiv                         text27       1990
__end_of___awmod                         text26       1AF8
__end_of___lmul                          text25       2058
__end_of__initialization                 cinit        232C
__end_of_app_init                        text14       2172
__end_of_btn_values                      smallconst   1011
__end_of_dc_motor_intialize              text21       22C8
__end_of_dc_motor_move_left              text13       228A
__end_of_dc_motor_move_right             text12       2244
__end_of_dc_motor_stop                   text11       21FE
__end_of_gpio_pin_direction_intialize    text24       1568
__end_of_gpio_pin_intialize              text22       1FEE
__end_of_gpio_pin_read_logic             text10       1A48
__end_of_gpio_pin_write_logic            text23       1694
__end_of_keypad_get_value                text9        17B0
__end_of_keypad_intialize                text20       1DB0
__end_of_keypad_read_value               text8        20C0
__end_of_lcd_4bit_intialize              text16       18CC
__end_of_lcd_4bit_send                   text19       2128
__end_of_lcd_4bit_send_char_data         text7        1EA0
__end_of_lcd_4bit_send_char_data_pos     text5        21B8
__end_of_lcd_4bit_send_command           text17       1F12
__end_of_lcd_4bit_send_enable            text18       236A
__end_of_lcd_4bit_send_string            text4        1F82
__end_of_lcd_4bit_send_string_pos        text3        1C2C
__end_of_lcd_4bit_set_cursor             text6        1BA6
__end_of_led_intialiaze                  text15       1E2E
__end_of_led_turn_off                    text2        1D30
__end_of_led_turn_on                     text1        1CAE
__end_of_main                            text0        1424
__initialization                         cinit        2300
__mediumconst                            mediumconst  0000
__pbssCOMRAM                             bssCOMRAM    005C
__pcinit                                 cinit        2300
__pcstackCOMRAM                          cstackCOMRAM 0038
__pdataCOMRAM                            dataCOMRAM   0001
__pidataCOMRAM                           idataCOMRAM  22C8
__pnvCOMRAM                              nvCOMRAM     0066
__psmallconst                            smallconst   1000
__ptext0                                 text0        1058
__ptext1                                 text1        1C2C
__ptext10                                text10       1990
__ptext11                                text11       21B8
__ptext12                                text12       21FE
__ptext13                                text13       2244
__ptext14                                text14       2128
__ptext15                                text15       1DB0
__ptext16                                text16       17B0
__ptext17                                text17       1EA0
__ptext18                                text18       2336
__ptext19                                text19       20C0
__ptext2                                 text2        1CAE
__ptext20                                text20       1D30
__ptext21                                text21       228A
__ptext22                                text22       1F82
__ptext23                                text23       1568
__ptext24                                text24       1424
__ptext25                                text25       1FEE
__ptext26                                text26       1A48
__ptext27                                text27       18CC
__ptext3                                 text3        1BA6
__ptext4                                 text4        1F12
__ptext5                                 text5        2172
__ptext6                                 text6        1AF8
__ptext7                                 text7        1E2E
__ptext8                                 text8        2058
__ptext9                                 text9        1694
__ramtop                                 ramtop       1000
__smallconst                             smallconst   1000
_app_init                                text14       2128
_btn_values                              smallconst   1001
_dc_motor_intialize                      text21       228A
_dc_motor_move_left                      text13       2244
_dc_motor_move_right                     text12       21FE
_dc_motor_stop                           text11       21B8
_entered_password                        bssCOMRAM    005C
_gpio_pin_direction_intialize            text24       1424
_gpio_pin_intialize                      text22       1F82
_gpio_pin_read_logic                     text10       1990
_gpio_pin_write_logic                    text23       1568
_incorrect_pass                          bssCOMRAM    0060
_keypad                                  dataCOMRAM   0025
_keypad_get_value                        text9        1694
_keypad_intialize                        text20       1D30
_keypad_read_value                       text8        2058
_keypad_value                            nvCOMRAM     0066
_lat_registers                           dataCOMRAM   0001
_lcd                                     dataCOMRAM   002D
_lcd_4bit_intialize                      text16       17B0
_lcd_4bit_send                           text19       20C0
_lcd_4bit_send_char_data                 text7        1E2E
_lcd_4bit_send_char_data_pos             text5        2172
_lcd_4bit_send_command                   text17       1EA0
_lcd_4bit_send_enable                    text18       2336
_lcd_4bit_send_string                    text4        1F12
_lcd_4bit_send_string_pos                text3        1BA6
_lcd_4bit_set_cursor                     text6        1AF8
_lcd_output                              dataCOMRAM   0023
_led_green                               dataCOMRAM   0037
_led_intialiaze                          text15       1DB0
_led_red                                 bssCOMRAM    0065
_led_turn_off                            text2        1CAE
_led_turn_on                             text1        1C2C
_main                                    text0        1058
_motor_1                                 dataCOMRAM   0035
_motor_2                                 dataCOMRAM   0033
_number_of_clicks                        bssCOMRAM    0061
_password                                dataCOMRAM   001F
_port_registers                          dataCOMRAM   000B
_ret                                     dataCOMRAM   0024
_tris_registers                          dataCOMRAM   0015
dc_motor_intialize@_dc_motor             cstackCOMRAM 0046
dc_motor_intialize@ret                   cstackCOMRAM 0048
dc_motor_move_left@_dc_motor             cstackCOMRAM 0042
dc_motor_move_left@ret                   cstackCOMRAM 0044
dc_motor_move_right@_dc_motor            cstackCOMRAM 0042
dc_motor_move_right@ret                  cstackCOMRAM 0044
dc_motor_stop@_dc_motor                  cstackCOMRAM 0042
dc_motor_stop@ret                        cstackCOMRAM 0044
end_of_initialization                    cinit        232C
gpio_pin_direction_intialize@_pin_config cstackCOMRAM 0038
gpio_pin_direction_intialize@ret         cstackCOMRAM 0040
gpio_pin_intialize@_pin_config           cstackCOMRAM 0042
gpio_pin_intialize@ret                   cstackCOMRAM 0045
gpio_pin_read_logic@_pin_config          cstackCOMRAM 0038
gpio_pin_read_logic@logic                cstackCOMRAM 003A
gpio_pin_read_logic@ret                  cstackCOMRAM 0041
gpio_pin_write_logic@_pin_config         cstackCOMRAM 0038
gpio_pin_write_logic@logic               cstackCOMRAM 003A
gpio_pin_write_logic@ret                 cstackCOMRAM 0041
intlevel0                                text         0000
intlevel1                                text         0000
intlevel2                                text         0000
intlevel3                                text         0000
isa$std                                  (abs)        0001
isa$xinst                                (abs)        0000
keypad_get_value@_keypad_obj             cstackCOMRAM 0042
keypad_get_value@column_logic            cstackCOMRAM 0049
keypad_get_value@l_columns_counter       cstackCOMRAM 004C
keypad_get_value@l_counter               cstackCOMRAM 004A
keypad_get_value@l_rows_counter          cstackCOMRAM 004B
keypad_get_value@ret                     cstackCOMRAM 0048
keypad_get_value@value                   cstackCOMRAM 0044
keypad_intialize@_keypad_obj             cstackCOMRAM 0046
keypad_intialize@columns_counter         cstackCOMRAM 004C
keypad_intialize@ret                     cstackCOMRAM 004A
keypad_intialize@rows_counter            cstackCOMRAM 004B
keypad_read_value@new_val                cstackCOMRAM 004F
keypad_read_value@val                    cstackCOMRAM 004E
lcd_4bit_intialize@l_counter             cstackCOMRAM 004E
lcd_4bit_intialize@lcd                   cstackCOMRAM 004A
lcd_4bit_intialize@ret                   cstackCOMRAM 004F
lcd_4bit_send@data_command               cstackCOMRAM 0044
lcd_4bit_send@lcd                        cstackCOMRAM 0042
lcd_4bit_send@ret                        cstackCOMRAM 0045
lcd_4bit_send_char_data@data             cstackCOMRAM 0048
lcd_4bit_send_char_data@lcd              cstackCOMRAM 0046
lcd_4bit_send_char_data@ret              cstackCOMRAM 0049
lcd_4bit_send_char_data_pos@column       cstackCOMRAM 0054
lcd_4bit_send_char_data_pos@data         cstackCOMRAM 0055
lcd_4bit_send_char_data_pos@lcd          cstackCOMRAM 0051
lcd_4bit_send_char_data_pos@ret          cstackCOMRAM 0056
lcd_4bit_send_char_data_pos@row          cstackCOMRAM 0053
lcd_4bit_send_command@command            cstackCOMRAM 0048
lcd_4bit_send_command@lcd                cstackCOMRAM 0046
lcd_4bit_send_command@ret                cstackCOMRAM 0049
lcd_4bit_send_enable@lcd                 cstackCOMRAM 0042
lcd_4bit_send_enable@ret                 cstackCOMRAM 0044
lcd_4bit_send_string@lcd                 cstackCOMRAM 004A
lcd_4bit_send_string@ret                 cstackCOMRAM 004E
lcd_4bit_send_string@str                 cstackCOMRAM 004C
lcd_4bit_send_string_pos@column          cstackCOMRAM 0054
lcd_4bit_send_string_pos@lcd             cstackCOMRAM 0051
lcd_4bit_send_string_pos@ret             cstackCOMRAM 0057
lcd_4bit_send_string_pos@row             cstackCOMRAM 0053
lcd_4bit_send_string_pos@str             cstackCOMRAM 0055
lcd_4bit_set_cursor@column               cstackCOMRAM 004D
lcd_4bit_set_cursor@lcd                  cstackCOMRAM 004A
lcd_4bit_set_cursor@ret                  cstackCOMRAM 0050
lcd_4bit_set_cursor@row                  cstackCOMRAM 004C
led_intialiaze@F3027                     bssCOMRAM    0064
led_intialiaze@led                       cstackCOMRAM 0046
led_intialiaze@pin_config_obj            cstackCOMRAM 004A
led_intialiaze@ret                       cstackCOMRAM 0049
led_turn_off@F3037                       bssCOMRAM    0062
led_turn_off@led                         cstackCOMRAM 0042
led_turn_off@pin_config_obj              cstackCOMRAM 0046
led_turn_off@ret                         cstackCOMRAM 0045
led_turn_on@F3032                        bssCOMRAM    0063
led_turn_on@led                          cstackCOMRAM 0042
led_turn_on@pin_config_obj               cstackCOMRAM 0046
led_turn_on@ret                          cstackCOMRAM 0045
main@counter                             cstackCOMRAM 005B
main@value                               cstackCOMRAM 005A
stackhi                                  (abs)        0000
stacklo                                  (abs)        0000
start                                    init         0000
start_initialization                     cinit        2300


MODULE INFORMATION

Module		Function		Class		Link	Load	Size
C:\Program Files\Microchip\xc8\v2.41\pic\sources\c99\common\awmod.c
		___awmod       		CODE           	1A48	0000	176

C:\Program Files\Microchip\xc8\v2.41\pic\sources\c99\common\awmod.c estimated size: 176

C:\Program Files\Microchip\xc8\v2.41\pic\sources\c99\common\Umul32.c
		___lmul        		CODE           	1FEE	0000	106

C:\Program Files\Microchip\xc8\v2.41\pic\sources\c99\common\Umul32.c estimated size: 106

MCAL_layer/GPIO/hal_gpio.c
		_gpio_pin_write_logic		CODE           	1568	0000	300
		_gpio_pin_intialize		CODE           	1F82	0000	108
		_gpio_pin_read_logic		CODE           	1990	0000	184
		_gpio_pin_direction_intialize		CODE           	1424	0000	324

MCAL_layer/GPIO/hal_gpio.c estimated size: 916

ECU_layer/Chr_lcd/ecu_lcd.c
		_lcd_4bit_send_command		CODE           	1EA0	0000	114
		_lcd_4bit_send_string_pos		CODE           	1BA6	0000	134
		_lcd_4bit_send_char_data		CODE           	1E2E	0000	114
		_lcd_4bit_send_enable		CODE           	2336	0000	52
		_lcd_4bit_intialize		CODE           	17B0	0000	284
		_lcd_4bit_send_char_data_pos		CODE           	2172	0000	70
		_lcd_4bit_set_cursor		CODE           	1AF8	0000	174
		_lcd_4bit_send 		CODE           	20C0	0000	104
		_lcd_4bit_send_string		CODE           	1F12	0000	112

ECU_layer/Chr_lcd/ecu_lcd.c estimated size: 1158

C:\Program Files\Microchip\xc8\v2.41\pic\sources\c99\common\awdiv.c
		___awdiv       		CODE           	18CC	0000	196

C:\Program Files\Microchip\xc8\v2.41\pic\sources\c99\common\awdiv.c estimated size: 196

ECU_layer/Motor/ecu_dc_motor.c
		_dc_motor_stop 		CODE           	21B8	0000	70
		_dc_motor_move_right		CODE           	21FE	0000	70
		_dc_motor_intialize		CODE           	228A	0000	62
		_dc_motor_move_left		CODE           	2244	0000	70

ECU_layer/Motor/ecu_dc_motor.c estimated size: 272

ECU_layer/Keypad/ecu_kaypad.c
		_keypad_get_value		CODE           	1694	0000	284
		_keypad_intialize		CODE           	1D30	0000	128

ECU_layer/Keypad/ecu_kaypad.c estimated size: 412

shared
		_btn_values    		SMALLCONST     	1001	0000	16
		__initialization		CODE           	2300	0000	44

shared estimated size: 60

ECU_layer/LED/ecu_led.c
		_led_turn_on   		CODE           	1C2C	0000	130
		_led_turn_off  		CODE           	1CAE	0000	130
		_led_intialiaze		CODE           	1DB0	0000	126

ECU_layer/LED/ecu_led.c estimated size: 386

application.c
		_main          		CODE           	1058	0000	972
		_app_init      		CODE           	2128	0000	74
		_keypad_read_value		CODE           	2058	0000	104

application.c estimated size: 1150

